before: 3565 rows >= 2017 (md5 893d6cc40378a56564eb1fadcaf6b34b), 0 rows < 2017
2026-10-02 00:09:28,841:INFO:bcdata.wfs: Total features requested: 21186
2026-10-02 00:09:52,021:INFO:bcdata.wfs: https://openmaps.gov.bc.ca/geo/pub/wfs?service=WFS&version=2.0.0&request=GetFeature&typeName=WHSE_LAND_AND_NATURAL_RESOURCE.PROT_HISTORICAL_FIRE_POLYS_SP&outputFormat=json&SRSNAME=EPSG%3A3005&sortby=OBJECTID&CQL_FILTER=FIRE_YEAR+%3C+2017&startIndex=0&count=10000
2026-10-02 00:09:52,731:INFO:bcdata.bc2pg: Writing WHSE_LAND_AND_NATURAL_RESOURCE.PROT_HISTORICAL_FIRE_POLYS_SP to database as whse_land_and_natural_resource.prot_historical_fire_polys_sp
2026-10-02 00:10:44,903:INFO:bcdata.wfs: https://openmaps.gov.bc.ca/geo/pub/wfs?service=WFS&version=2.0.0&request=GetFeature&typeName=WHSE_LAND_AND_NATURAL_RESOURCE.PROT_HISTORICAL_FIRE_POLYS_SP&outputFormat=json&SRSNAME=EPSG%3A3005&sortby=OBJECTID&CQL_FILTER=FIRE_YEAR+%3C+2017&startIndex=10000&count=10000
2026-10-02 00:10:45,900:INFO:bcdata.bc2pg: Writing WHSE_LAND_AND_NATURAL_RESOURCE.PROT_HISTORICAL_FIRE_POLYS_SP to database as whse_land_and_natural_resource.prot_historical_fire_polys_sp
2026-10-02 00:11:08,219:INFO:bcdata.wfs: https://openmaps.gov.bc.ca/geo/pub/wfs?service=WFS&version=2.0.0&request=GetFeature&typeName=WHSE_LAND_AND_NATURAL_RESOURCE.PROT_HISTORICAL_FIRE_POLYS_SP&outputFormat=json&SRSNAME=EPSG%3A3005&sortby=OBJECTID&CQL_FILTER=FIRE_YEAR+%3C+2017&startIndex=20000&count=1186
2026-10-02 00:11:08,403:INFO:bcdata.bc2pg: Writing WHSE_LAND_AND_NATURAL_RESOURCE.PROT_HISTORICAL_FIRE_POLYS_SP to database as whse_land_and_natural_resource.prot_historical_fire_polys_sp
2026-10-02 00:11:08,766:INFO:bcdata.database: Logging download date to bcdata.log
2026-10-02 00:11:08,771:INFO:bcdata.cli: Load of WHSE_LAND_AND_NATURAL_RESOURCE.PROT_HISTORICAL_FIRE_POLYS_SP to whse_land_and_natural_resource.prot_historical_fire_polys_sp in postgresql://<redacted>@localhost:5432/fwapg complete
after:  3565 rows >= 2017 (md5 893d6cc40378a56564eb1fadcaf6b34b), 21186 rows < 2017
OK: in-window rows unchanged; prior fires by decade:
1910: 263
1920: 3992
1930: 4118
1940: 1901
1950: 1530
1960: 1570
1970: 1502
1980: 1410
1990: 956
2000: 1879
2010: 2065
