bc2pg load: consolidated cutblocks (HARVEST_START_YEAR_CALENDAR >= 2017) started Tue Jul 21 03:46:36 PDT 2026
cmd: bcdata bc2pg b1b647a6-... --query 'HARVEST_START_YEAR_CALENDAR >= 2017'
2026-07-21 03:46:48,785:INFO:bcdata.wfs: Total features requested: 121836
2026-07-21 03:46:50,574:INFO:bcdata.wfs: https://openmaps.gov.bc.ca/geo/pub/wfs?service=WFS&version=2.0.0&request=GetFeature&typeName=WHSE_FOREST_VEGETATION.VEG_CONSOLIDATED_CUT_BLOCKS_SP&outputFormat=json&SRSNAME=EPSG%3A3005&sortby=VCCB_SYSID&CQL_FILTER=HARVEST_START_YEAR_CALENDAR+%3E%3D+2017&startIndex=0&count=10000
2026-07-21 03:46:51,481:INFO:bcdata.database: Creating table whse_forest_vegetation.veg_consolidated_cut_blocks_sp
2026-07-21 03:46:51,618:INFO:bcdata.bc2pg: Writing WHSE_FOREST_VEGETATION.VEG_CONSOLIDATED_CUT_BLOCKS_SP to database as whse_forest_vegetation.veg_consolidated_cut_blocks_sp
2026-07-21 03:46:54,304:INFO:bcdata.wfs: https://openmaps.gov.bc.ca/geo/pub/wfs?service=WFS&version=2.0.0&request=GetFeature&typeName=WHSE_FOREST_VEGETATION.VEG_CONSOLIDATED_CUT_BLOCKS_SP&outputFormat=json&SRSNAME=EPSG%3A3005&sortby=VCCB_SYSID&CQL_FILTER=HARVEST_START_YEAR_CALENDAR+%3E%3D+2017&startIndex=10000&count=10000
2026-07-21 03:46:55,176:INFO:bcdata.bc2pg: Writing WHSE_FOREST_VEGETATION.VEG_CONSOLIDATED_CUT_BLOCKS_SP to database as whse_forest_vegetation.veg_consolidated_cut_blocks_sp
2026-07-21 03:47:00,383:INFO:bcdata.wfs: https://openmaps.gov.bc.ca/geo/pub/wfs?service=WFS&version=2.0.0&request=GetFeature&typeName=WHSE_FOREST_VEGETATION.VEG_CONSOLIDATED_CUT_BLOCKS_SP&outputFormat=json&SRSNAME=EPSG%3A3005&sortby=VCCB_SYSID&CQL_FILTER=HARVEST_START_YEAR_CALENDAR+%3E%3D+2017&startIndex=20000&count=10000
2026-07-21 03:47:01,709:INFO:bcdata.bc2pg: Writing WHSE_FOREST_VEGETATION.VEG_CONSOLIDATED_CUT_BLOCKS_SP to database as whse_forest_vegetation.veg_consolidated_cut_blocks_sp
2026-07-21 03:47:09,296:INFO:bcdata.wfs: https://openmaps.gov.bc.ca/geo/pub/wfs?service=WFS&version=2.0.0&request=GetFeature&typeName=WHSE_FOREST_VEGETATION.VEG_CONSOLIDATED_CUT_BLOCKS_SP&outputFormat=json&SRSNAME=EPSG%3A3005&sortby=VCCB_SYSID&CQL_FILTER=HARVEST_START_YEAR_CALENDAR+%3E%3D+2017&startIndex=30000&count=10000
2026-07-21 03:47:10,770:INFO:bcdata.bc2pg: Writing WHSE_FOREST_VEGETATION.VEG_CONSOLIDATED_CUT_BLOCKS_SP to database as whse_forest_vegetation.veg_consolidated_cut_blocks_sp
2026-07-21 03:47:22,964:INFO:bcdata.wfs: https://openmaps.gov.bc.ca/geo/pub/wfs?service=WFS&version=2.0.0&request=GetFeature&typeName=WHSE_FOREST_VEGETATION.VEG_CONSOLIDATED_CUT_BLOCKS_SP&outputFormat=json&SRSNAME=EPSG%3A3005&sortby=VCCB_SYSID&CQL_FILTER=HARVEST_START_YEAR_CALENDAR+%3E%3D+2017&startIndex=40000&count=10000
2026-07-21 03:47:24,607:INFO:bcdata.bc2pg: Writing WHSE_FOREST_VEGETATION.VEG_CONSOLIDATED_CUT_BLOCKS_SP to database as whse_forest_vegetation.veg_consolidated_cut_blocks_sp
2026-07-21 03:47:32,336:INFO:bcdata.wfs: https://openmaps.gov.bc.ca/geo/pub/wfs?service=WFS&version=2.0.0&request=GetFeature&typeName=WHSE_FOREST_VEGETATION.VEG_CONSOLIDATED_CUT_BLOCKS_SP&outputFormat=json&SRSNAME=EPSG%3A3005&sortby=VCCB_SYSID&CQL_FILTER=HARVEST_START_YEAR_CALENDAR+%3E%3D+2017&startIndex=50000&count=10000
2026-07-21 03:47:33,684:INFO:bcdata.bc2pg: Writing WHSE_FOREST_VEGETATION.VEG_CONSOLIDATED_CUT_BLOCKS_SP to database as whse_forest_vegetation.veg_consolidated_cut_blocks_sp
2026-07-21 03:47:47,399:INFO:bcdata.wfs: https://openmaps.gov.bc.ca/geo/pub/wfs?service=WFS&version=2.0.0&request=GetFeature&typeName=WHSE_FOREST_VEGETATION.VEG_CONSOLIDATED_CUT_BLOCKS_SP&outputFormat=json&SRSNAME=EPSG%3A3005&sortby=VCCB_SYSID&CQL_FILTER=HARVEST_START_YEAR_CALENDAR+%3E%3D+2017&startIndex=60000&count=10000
2026-07-21 03:47:48,866:INFO:bcdata.bc2pg: Writing WHSE_FOREST_VEGETATION.VEG_CONSOLIDATED_CUT_BLOCKS_SP to database as whse_forest_vegetation.veg_consolidated_cut_blocks_sp
2026-07-21 03:47:57,230:INFO:bcdata.wfs: https://openmaps.gov.bc.ca/geo/pub/wfs?service=WFS&version=2.0.0&request=GetFeature&typeName=WHSE_FOREST_VEGETATION.VEG_CONSOLIDATED_CUT_BLOCKS_SP&outputFormat=json&SRSNAME=EPSG%3A3005&sortby=VCCB_SYSID&CQL_FILTER=HARVEST_START_YEAR_CALENDAR+%3E%3D+2017&startIndex=70000&count=10000
2026-07-21 03:47:58,672:INFO:bcdata.bc2pg: Writing WHSE_FOREST_VEGETATION.VEG_CONSOLIDATED_CUT_BLOCKS_SP to database as whse_forest_vegetation.veg_consolidated_cut_blocks_sp
2026-07-21 03:48:04,891:INFO:bcdata.wfs: https://openmaps.gov.bc.ca/geo/pub/wfs?service=WFS&version=2.0.0&request=GetFeature&typeName=WHSE_FOREST_VEGETATION.VEG_CONSOLIDATED_CUT_BLOCKS_SP&outputFormat=json&SRSNAME=EPSG%3A3005&sortby=VCCB_SYSID&CQL_FILTER=HARVEST_START_YEAR_CALENDAR+%3E%3D+2017&startIndex=80000&count=10000
2026-07-21 03:48:05,542:INFO:bcdata.bc2pg: Writing WHSE_FOREST_VEGETATION.VEG_CONSOLIDATED_CUT_BLOCKS_SP to database as whse_forest_vegetation.veg_consolidated_cut_blocks_sp
2026-07-21 03:48:12,000:INFO:bcdata.wfs: https://openmaps.gov.bc.ca/geo/pub/wfs?service=WFS&version=2.0.0&request=GetFeature&typeName=WHSE_FOREST_VEGETATION.VEG_CONSOLIDATED_CUT_BLOCKS_SP&outputFormat=json&SRSNAME=EPSG%3A3005&sortby=VCCB_SYSID&CQL_FILTER=HARVEST_START_YEAR_CALENDAR+%3E%3D+2017&startIndex=90000&count=10000
2026-07-21 03:48:13,071:INFO:bcdata.bc2pg: Writing WHSE_FOREST_VEGETATION.VEG_CONSOLIDATED_CUT_BLOCKS_SP to database as whse_forest_vegetation.veg_consolidated_cut_blocks_sp
2026-07-21 03:48:19,700:INFO:bcdata.wfs: https://openmaps.gov.bc.ca/geo/pub/wfs?service=WFS&version=2.0.0&request=GetFeature&typeName=WHSE_FOREST_VEGETATION.VEG_CONSOLIDATED_CUT_BLOCKS_SP&outputFormat=json&SRSNAME=EPSG%3A3005&sortby=VCCB_SYSID&CQL_FILTER=HARVEST_START_YEAR_CALENDAR+%3E%3D+2017&startIndex=100000&count=10000
2026-07-21 03:48:20,785:INFO:bcdata.bc2pg: Writing WHSE_FOREST_VEGETATION.VEG_CONSOLIDATED_CUT_BLOCKS_SP to database as whse_forest_vegetation.veg_consolidated_cut_blocks_sp
2026-07-21 03:48:27,586:INFO:bcdata.wfs: https://openmaps.gov.bc.ca/geo/pub/wfs?service=WFS&version=2.0.0&request=GetFeature&typeName=WHSE_FOREST_VEGETATION.VEG_CONSOLIDATED_CUT_BLOCKS_SP&outputFormat=json&SRSNAME=EPSG%3A3005&sortby=VCCB_SYSID&CQL_FILTER=HARVEST_START_YEAR_CALENDAR+%3E%3D+2017&startIndex=110000&count=10000
2026-07-21 03:48:28,797:INFO:bcdata.bc2pg: Writing WHSE_FOREST_VEGETATION.VEG_CONSOLIDATED_CUT_BLOCKS_SP to database as whse_forest_vegetation.veg_consolidated_cut_blocks_sp
2026-07-21 03:48:34,412:INFO:bcdata.wfs: https://openmaps.gov.bc.ca/geo/pub/wfs?service=WFS&version=2.0.0&request=GetFeature&typeName=WHSE_FOREST_VEGETATION.VEG_CONSOLIDATED_CUT_BLOCKS_SP&outputFormat=json&SRSNAME=EPSG%3A3005&sortby=VCCB_SYSID&CQL_FILTER=HARVEST_START_YEAR_CALENDAR+%3E%3D+2017&startIndex=120000&count=1836
2026-07-21 03:48:34,666:INFO:bcdata.bc2pg: Writing WHSE_FOREST_VEGETATION.VEG_CONSOLIDATED_CUT_BLOCKS_SP to database as whse_forest_vegetation.veg_consolidated_cut_blocks_sp
2026-07-21 03:48:35,087:INFO:bcdata.database: Logging download date to bcdata.log
2026-07-21 03:48:35,090:INFO:bcdata.cli: Load of b1b647a6-f271-42e0-9cd0-89ec24bce9f7 to whse_forest_vegetation.veg_consolidated_cut_blocks_sp in postgresql://postgres:postgres@localhost:5432/fwapg complete
EXIT=0 finished Tue Jul 21 03:48:35 PDT 2026
