Spherical geometry (s2) switched off
composition: area=bulk scenario=co_ff04 wsg=BULK species=co context=wetland,alr

=========================================
                                          

=========================================
                                          

=========================================
                                          

=========================================
                                          
Provenance: landcover[co_ff04].composition -> provenance.json
  Layer: composition_co_ff04_2017_2023 (497 rows; floodplain 38641.3 ha of a 41089.7 ha footprint; change 3639.7 ha; wetland 4808.2 ha, change in wetland 649.4 ha; alr 15971.7 ha, change in alr 2308.7 ha)
      130.78 real        75.53 user        43.93 sys
         13171654656  maximum resident set size
                   0  average shared memory size
                   0  average unshared data size
                   0  average unshared stack size
            13280529  page reclaims
                  24  page faults
                   0  swaps
                   0  block input operations
                   0  block output operations
                  30  messages sent
                 472  messages received
                   0  signals received
                 228  voluntary context switches
               87312  involuntary context switches
       1167530005410  instructions retired
        375129075596  cycles elapsed
         27792128576  peak memory footprint
